Microchip MPLAB XC8 Compiler V2.46

Linker command line:

-W-3 \
  --edf=C:\Program Files\Microchip\xc8\v2.46\pic\dat\20240104201356_en.msgs \
  -cn -h+dist/default/production\1.X.production.sym \
  --cmf=dist/default/production\1.X.production.cmf -z -Q16F877A \
  -oC:\Users\Acer\AppData\Local\Temp\xcAsje8.\driver_tmp_3.o \
  --defsym=__MPLAB_BUILD=1 --fixupoverflow=error \
  -Mdist/default/production/1.X.production.map \
  --md=C:\Users\Acer\AppData\Local\Temp\xcAsje8.\driver_tmp_0.dat -E1 \
  -ver=XC8 Compiler --acfsm=1493 -ACODE=00h-07FFhx4 -ASTRCODE=00h-01FFFh \
  -ASTRING=00h-0FFhx32 -ACONST=00h-0FFhx32 -AENTRY=00h-0FFhx32 \
  -ACOMMON=070h-07Fh -ABANK0=020h-06Fh -ABANK1=0A0h-0EFh \
  -ABANK2=0110h-016Fh -ABANK3=0190h-01EFh \
  -ARAM=020h-06Fh,0A0h-0EFh,0110h-016Fh,0190h-01EFh \
  -AABS1=020h-07Fh,0A0h-0EFh,0110h-016Fh,0190h-01EFh -ASFR0=00h-01Fh \
  -ASFR1=080h-09Fh -ASFR2=0100h-010Fh -ASFR3=0180h-018Fh \
  -ACONFIG=02007h-02007h -DCONFIG=2 -AIDLOC=02000h-02003h -DIDLOC=2 \
  -AEEDATA=00h-0FFh/02100h -peeprom_data=EEDATA -DEEDATA=2 -DCODE=2 \
  -DSTRCODE=2 -DSTRING=2 -DCONST=2 -DENTRY=2 \
  -preset_vec=00h,intentry,sivt,init,end_init -ppowerup=CODE -pcinit=CODE \
  -pfunctab=ENTRY -k \
  C:\Users\Acer\AppData\Local\Temp\xcAsje8.\driver_tmp_17.o \
  dist/default/production\1.X.production.o 

Object code version is 3.11

Machine type is 16F877A



                Name                               Link     Load   Length Selector   Space Scale
C:\Users\Acer\AppData\Local\Temp\xcAsje8.\driver_tmp_17.o
                end_init                              0        0        3        0       0
                config                             2007     2007        1        0       4
dist/default/production\1.X.production.o
                cinit                               7DD      7DD       23      FBA       0
                text29_split_1                        3        3      7DA        0       0
                config                             2007     2007        1        0       4
                text38                             1DF3     1DF3       A2     3BE6       0
                text37                              806      806       8E     100C       0
                text36                             1ABD     1ABD       25     357A       0
                text35                             1631     1631      1CF     2C62       0
                text34                             1AE2     1AE2       27     35C4       0
                text33                              CBB      CBB      345     1976       0
                text32                              A63      A63      258     14C6       0
                text31                             1A99     1A99       24     3532       0
                text30                             1F48     1F48       B8     3E90       0
                text29                             1218     1218      124     2430       0
                text28                              894      894      1CF     1128       0
                text27                             19C4     19C4       15     3388       0
                text26                             19D9     19D9       15     33B2       0
                text25                             1A58     1A58       20     34B0       0
                text24                             1C88     1C88       67     3910       0
                text23                             1C2F     1C2F       59     385E       0
                text22                             1B43     1B43       44     3686       0
                text21                             1B09     1B09       3A     3612       0
                text20                             198E     198E       11     331C       0
                text19                              805      805        1     100A       0
                text18                             1BD9     1BD9       56     37B2       0
                text17                             133C     133C      171     2678       0
                text16                             1A78     1A78       21     34F0       0
                text15                             1A39     1A39       1F     3472       0
                text14                             19EE     19EE       17     33DC       0
                text13                             1B87     1B87       52     370E       0
                text12                             1001     1001       37     2002       0
                text11                             1CEF     1CEF       67     39DE       0
                text10                             1D56     1D56       9D     3AAC       0
                text9                              1E95     1E95       B3     3D2A       0
                text8                              199F     199F       12     333E       0
                text7                              1981     1981        D     3302       0
                text6                              195D     195D        C     32BA       0
                text5                              1A05     1A05       19     340A       0
                text4                              1A1E     1A1E       1B     343C       0
                text3                              1969     1969        C     32D2       0
                text2                              1125     1125       F3     224A       0
                text1                              1038     1038       ED     2070       0
                maintext                           14AD     14AD      184     295A       0
                cstackBANK0                          20       20       50       20       1
                cstackCOMMON                         70       70        E       70       1
                cstackBANK1                          A0       A0       3F       A0       1
                cstackBANK3                         190      190       4E      190       1
                clrtext                            1955     1955        8     32AA       0
                inittext                           19B1     19B1       13     3362       0
                bssBANK2                            110      110       20      110       1
                dataBANK3                           1DE      1DE        C      190       1
                bssBANK1                             DF       DF        B       A0       1
                strings                            1800     1800       7D     3000       0
                idataBANK3                         1975     1975        C     32EA       0

TOTAL           Name                               Link     Load   Length     Space
        CLASS   CODE           
                end_init                              0        0        3         0
                cinit                               7DD      7DD       23         0
                text29_split_1                        3        3      7DA         0
                text38                             1DF3     1DF3       A2         0
                text37                              806      806       8E         0
                text36                             1ABD     1ABD       25         0
                text35                             1631     1631      1CF         0
                text34                             1AE2     1AE2       27         0
                text33                              CBB      CBB      345         0
                text32                              A63      A63      258         0
                text31                             1A99     1A99       24         0
                text30                             1F48     1F48       B8         0
                text29                             1218     1218      124         0
                text28                              894      894      1CF         0
                text27                             19C4     19C4       15         0
                text26                             19D9     19D9       15         0
                text25                             1A58     1A58       20         0
                text24                             1C88     1C88       67         0
                text23                             1C2F     1C2F       59         0
                text22                             1B43     1B43       44         0
                text21                             1B09     1B09       3A         0
                text20                             198E     198E       11         0
                text19                              805      805        1         0
                text18                             1BD9     1BD9       56         0
                text17                             133C     133C      171         0
                text16                             1A78     1A78       21         0
                text15                             1A39     1A39       1F         0
                text14                             19EE     19EE       17         0
                text13                             1B87     1B87       52         0
                text12                             1001     1001       37         0
                text11                             1CEF     1CEF       67         0
                text10                             1D56     1D56       9D         0
                text9                              1E95     1E95       B3         0
                text8                              199F     199F       12         0
                text7                              1981     1981        D         0
                text6                              195D     195D        C         0
                text5                              1A05     1A05       19         0
                text4                              1A1E     1A1E       1B         0
                text3                              1969     1969        C         0
                text2                              1125     1125       F3         0
                text1                              1038     1038       ED         0
                maintext                           14AD     14AD      184         0
                clrtext                            1955     1955        8         0
                inittext                           19B1     19B1       13         0
                idataBANK3                         1975     1975        C         0

        CLASS   STRCODE        

        CLASS   STRING         
                strings                            1800     1800       7D         0

        CLASS   CONST          

        CLASS   ENTRY          

        CLASS   COMMON         
                cstackCOMMON                         70       70        E         1

        CLASS   BANK0          
                cstackBANK0                          20       20       50         1

        CLASS   BANK1          
                cstackBANK1                          A0       A0       3F         1
                bssBANK1                             DF       DF        B         1

        CLASS   BANK2          
                bssBANK2                            110      110       20         1

        CLASS   BANK3          
                cstackBANK3                         190      190       4E         1
                dataBANK3                           1DE      1DE        C         1

        CLASS   RAM            

        CLASS   ABS1           
                abs_s1                               7E       7E        2         1

        CLASS   SFR0           

        CLASS   SFR1           

        CLASS   SFR2           

        CLASS   SFR3           

        CLASS   CONFIG         
                config                             2007     2007        1         4

        CLASS   IDLOC          

        CLASS   EEDATA         

        CLASS   HEAP           

        CLASS   STACK          



SEGMENTS        Name                           Load    Length   Top    Selector   Space  Class     Delta

                reset_vec                      000000  0007DD  0007DD         0       0  CODE        2
                cstackBANK0                    000020  000050  000070        20       1  BANK0       1
                cstackCOMMON                   000070  00000E  00007E        70       1  COMMON      1
                cstackBANK1                    0000A0  00004A  0000EA        A0       1  BANK1       1
                bssBANK2                       000110  000020  000130       110       1  BANK2       1
                cstackBANK3                    000190  00005A  0001EA       190       1  BANK3       1
                cinit                          0007DD  000023  000800       FBA       0  CODE        2
                text19                         000805  000001  000806      100A       0  CODE        2
                text37                         000806  00008E  000894      100C       0  CODE        2
                text28                         000894  0001CF  000A63      1128       0  CODE        2
                text32                         000A63  000258  000CBB      14C6       0  CODE        2
                text33                         000CBB  000345  001000      1976       0  CODE        2
                text12                         001001  000037  001038      2002       0  CODE        2
                text1                          001038  0000ED  001125      2070       0  CODE        2
                text2                          001125  0000F3  001218      224A       0  CODE        2
                text29                         001218  000124  00133C      2430       0  CODE        2
                text17                         00133C  000171  0014AD      2678       0  CODE        2
                maintext                       0014AD  000184  001631      295A       0  CODE        2
                text35                         001631  0001CF  001800      2C62       0  CODE        2
                strings                        001800  00007D  00187D      3000       0  STRING      2
                clrtext                        001955  000008  00195D      32AA       0  CODE        2
                text6                          00195D  00000C  001969      32BA       0  CODE        2
                text3                          001969  00000C  001975      32D2       0  CODE        2
                idataBANK3                     001975  00000C  001981      32EA       0  CODE        2
                text7                          001981  00000D  00198E      3302       0  CODE        2
                text20                         00198E  000011  00199F      331C       0  CODE        2
                text8                          00199F  000012  0019B1      333E       0  CODE        2
                inittext                       0019B1  000013  0019C4      3362       0  CODE        2
                text27                         0019C4  000015  0019D9      3388       0  CODE        2
                text26                         0019D9  000015  0019EE      33B2       0  CODE        2
                text14                         0019EE  000017  001A05      33DC       0  CODE        2
                text5                          001A05  000019  001A1E      340A       0  CODE        2
                text4                          001A1E  00001B  001A39      343C       0  CODE        2
                text15                         001A39  00001F  001A58      3472       0  CODE        2
                text25                         001A58  000020  001A78      34B0       0  CODE        2
                text16                         001A78  000021  001A99      34F0       0  CODE        2
                text31                         001A99  000024  001ABD      3532       0  CODE        2
                text36                         001ABD  000025  001AE2      357A       0  CODE        2
                text34                         001AE2  000027  001B09      35C4       0  CODE        2
                text21                         001B09  00003A  001B43      3612       0  CODE        2
                text22                         001B43  000044  001B87      3686       0  CODE        2
                text13                         001B87  000052  001BD9      370E       0  CODE        2
                text18                         001BD9  000056  001C2F      37B2       0  CODE        2
                text23                         001C2F  000059  001C88      385E       0  CODE        2
                text24                         001C88  000067  001CEF      3910       0  CODE        2
                text11                         001CEF  000067  001D56      39DE       0  CODE        2
                text10                         001D56  00009D  001DF3      3AAC       0  CODE        2
                text38                         001DF3  0000A2  001E95      3BE6       0  CODE        2
                text9                          001E95  0000B3  001F48      3D2A       0  CODE        2
                text30                         001F48  0000B8  002000      3E90       0  CODE        2


UNUSED ADDRESS RANGES

        Name                Unused          Largest block    Delta
        BANK1            0000EA-0000EF                6           1
        BANK2            000130-00016F               40           1
        BANK3            0001EA-0001EF                6           1
        CODE             000800-000804                5           2
                         001000-001000                1
                         00187D-001954               D8
        CONST            000800-000804                5           2
                         001000-001000                1
                         00187D-001954               83
        EEDATA           002100-0021FF              100           2
        ENTRY            000800-000804                5           2
                         001000-001000                1
                         00187D-001954               83
        IDLOC            002000-002003                4           2
        RAM              0000EA-0000EF                6           1
                         000130-00016F               40
                         0001EA-0001EF                6
        SFR0             000000-00001F               20           1
        SFR1             000080-00009F               20           1
        SFR2             000100-00010F               10           1
        SFR3             000180-00018F               10           1
        STRCODE          000800-000804                5           2
                         001000-001000                1
                         00187D-001954               D8
        STRING           000800-000804                5           2
                         001000-001000                1
                         00187D-001954               83

                                  Symbol Table

?_HX711_Read                             cstackCOMMON 000070
?__Umul8_16                              cstackCOMMON 000070
?___aldiv                                cstackCOMMON 000070
?___awdiv                                cstackCOMMON 000070
?___awmod                                cstackCOMMON 000070
?___fladd                                cstackBANK0  000054
?___fldiv                                cstackBANK0  000020
?___flmul                                cstackBANK0  00003A
?___flsub                                cstackBANK0  000068
?___fltol                                cstackBANK0  000068
?___lwdiv                                cstackCOMMON 000070
?___lwmod                                cstackCOMMON 000070
?___wmul                                 cstackCOMMON 000070
?___xxtofl                               cstackCOMMON 000070
?_abs                                    cstackCOMMON 000076
?_getPPMValue                            cstackBANK1  0000AC
?_getWeightFromSensor                    cstackBANK0  000026
?_log10f                                 cstackBANK1  0000A0
?_readGasSensorPot                       cstackCOMMON 000070
?_sprintf                                cstackBANK0  00002C
?_strlen                                 cstackCOMMON 000070
?_vfprintf                               cstackBANK0  000028
HX711_Read@count                         cstackCOMMON 000079
HX711_Read@i                             cstackCOMMON 000078
_ADCON0                                  (abs)        00001F
_ADCON0bits                              (abs)        00001F
_ADCON1                                  (abs)        00009F
_ADRESH                                  (abs)        00001E
_ADRESL                                  (abs)        00009E
_CCP1CON                                 (abs)        000017
_CCPR1L                                  (abs)        000015
_HX711_Read                              text11       001CEF
_MQ6_curve                               dataBANK3    0001DE
_PIR1bits                                (abs)        00000C
_PORTB                                   (abs)        000006
_PORTCbits                               (abs)        000007
_PORTDbits                               (abs)        000008
_PR2                                     (abs)        000092
_RCREG                                   (abs)        00001A
_RCSTAbits                               (abs)        000018
_SPBRG                                   (abs)        000099
_T2CON                                   (abs)        000012
_TRISB                                   (abs)        000086
_TRISCbits                               (abs)        000087
_TRISD                                   (abs)        000088
_TRISDbits                               (abs)        000088
_TXREG                                   (abs)        000019
_TXSTAbits                               (abs)        000098
__H__absolute__                          __absolute__ 000000
__Habs1                                  abs1         000000
__Hbank0                                 bank0        000000
__Hbank1                                 bank1        000000
__Hbank2                                 bank2        000000
__Hbank3                                 bank3        000000
__HbssBANK1                              bssBANK1     000000
__HbssBANK2                              bssBANK2     000000
__Hcinit                                 cinit        000800
__Hclrtext                               clrtext      000000
__Hcode                                  code         000000
__Hcommon                                common       000000
__Hconfig                                config       002008
__HcstackBANK0                           cstackBANK0  000000
__HcstackBANK1                           cstackBANK1  000000
__HcstackBANK3                           cstackBANK3  000000
__HcstackCOMMON                          cstackCOMMON 000000
__HdataBANK3                             dataBANK3    000000
__Heeprom_data                           eeprom_data  000000
__Hend_init                              end_init     000003
__Hfunctab                               functab      000000
__Hheap                                  heap         000000
__HidataBANK3                            idataBANK3   000000
__Hinit                                  init         000000
__Hinittext                              inittext     000000
__Hintentry                              intentry     000000
__Hmaintext                              maintext     000000
__Hpowerup                               powerup      000000
__Hram                                   ram          000000
__Hreset_vec                             reset_vec    000000
__Hsfr0                                  sfr0         000000
__Hsfr1                                  sfr1         000000
__Hsfr2                                  sfr2         000000
__Hsfr3                                  sfr3         000000
__Hsivt                                  sivt         000000
__Hspace_0                               (abs)        002000
__Hspace_1                               (abs)        0001EA
__Hspace_2                               (abs)        000000
__Hspace_3                               (abs)        000000
__Hspace_4                               (abs)        00400F
__Hstack                                 stack        000000
__Hstrings                               strings      000000
__Htext                                  text         000000
__L__absolute__                          __absolute__ 000000
__Labs1                                  abs1         000000
__Lbank0                                 bank0        000000
__Lbank1                                 bank1        000000
__Lbank2                                 bank2        000000
__Lbank3                                 bank3        000000
__LbssBANK1                              bssBANK1     000000
__LbssBANK2                              bssBANK2     000000
__Lcinit                                 cinit        0007DD
__Lclrtext                               clrtext      000000
__Lcode                                  code         000000
__Lcommon                                common       000000
__Lconfig                                config       000000
__LcstackBANK0                           cstackBANK0  000000
__LcstackBANK1                           cstackBANK1  000000
__LcstackBANK3                           cstackBANK3  000000
__LcstackCOMMON                          cstackCOMMON 000000
__LdataBANK3                             dataBANK3    000000
__Leeprom_data                           eeprom_data  000000
__Lend_init                              end_init     000000
__Lfunctab                               functab      000000
__Lheap                                  heap         000000
__LidataBANK3                            idataBANK3   000000
__Linit                                  init         000000
__Linittext                              inittext     000000
__Lintentry                              intentry     000000
__Lmaintext                              maintext     000000
__Lpowerup                               powerup      000000
__Lram                                   ram          000000
__Lreset_vec                             reset_vec    000000
__Lsfr0                                  sfr0         000000
__Lsfr1                                  sfr1         000000
__Lsfr2                                  sfr2         000000
__Lsfr3                                  sfr3         000000
__Lsivt                                  sivt         000000
__Lspace_0                               (abs)        000000
__Lspace_1                               (abs)        000000
__Lspace_2                               (abs)        000000
__Lspace_3                               (abs)        000000
__Lspace_4                               (abs)        000000
__Lstack                                 stack        000000
__Lstrings                               strings      000000
__Ltext                                  text         000000
__S0                                     (abs)        002000
__S1                                     (abs)        0001EA
__S3                                     (abs)        000000
__Umul8_16                               text34       001AE2
__Umul8_16@multiplicand                  cstackCOMMON 000070
__Umul8_16@multiplier                    cstackCOMMON 000078
__Umul8_16@product                       cstackCOMMON 000074
__Umul8_16@word_mpld                     cstackCOMMON 000076
___aldiv                                 text10       001D56
___aldiv@counter                         cstackBANK0  000020
___aldiv@dividend                        cstackCOMMON 000074
___aldiv@divisor                         cstackCOMMON 000070
___aldiv@quotient                        cstackBANK0  000022
___aldiv@sign                            cstackBANK0  000021
___awdiv                                 text24       001C88
___awdiv@counter                         cstackCOMMON 000074
___awdiv@dividend                        cstackCOMMON 000072
___awdiv@divisor                         cstackCOMMON 000070
___awdiv@quotient                        cstackCOMMON 000076
___awdiv@sign                            cstackCOMMON 000075
___awmod                                 text23       001C2F
___awmod@counter                         cstackCOMMON 000074
___awmod@dividend                        cstackCOMMON 000072
___awmod@divisor                         cstackCOMMON 000070
___awmod@sign                            cstackCOMMON 000075
___fladd                                 text32       000A63
___fladd@a                               cstackBANK0  000058
___fladd@aexp                            cstackBANK0  000065
___fladd@b                               cstackBANK0  000054
___fladd@bexp                            cstackBANK0  000066
___fladd@grs                             cstackBANK0  000067
___fladd@signs                           cstackBANK0  000064
___fldiv                                 text35       001631
___fldiv@a                               cstackBANK0  000020
___fldiv@aexp                            cstackBANK0  000039
___fldiv@b                               cstackBANK0  000024
___fldiv@bexp                            cstackBANK0  000038
___fldiv@grs                             cstackBANK0  000034
___fldiv@new_exp                         cstackBANK0  000032
___fldiv@rem                             cstackBANK0  00002D
___fldiv@sign                            cstackBANK0  000031
___flge                                  text38       001DF3
___flge@ff1                              cstackCOMMON 000070
___flge@ff2                              cstackCOMMON 000074
___flmul                                 text33       000CBB
___flmul@a                               cstackBANK0  00003E
___flmul@aexp                            cstackBANK0  00004C
___flmul@b                               cstackBANK0  00003A
___flmul@bexp                            cstackBANK0  00004D
___flmul@grs                             cstackBANK0  000048
___flmul@prod                            cstackBANK0  00004E
___flmul@sign                            cstackBANK0  000047
___flmul@temp                            cstackBANK0  000052
___flsub                                 text31       001A99
___flsub@a                               cstackBANK0  000068
___flsub@b                               cstackBANK0  00006C
___fltol                                 text37       000806
___fltol@exp1                            cstackBANK1  0000A1
___fltol@f1                              cstackBANK0  000068
___fltol@sign1                           cstackBANK1  0000A0
___heap_hi                               (abs)        000000
___heap_lo                               (abs)        000000
___int_sp                                stack        000000
___int_stack_hi                          stack        000000
___int_stack_lo                          stack        000000
___latbits                               (abs)        000002
___lwdiv                                 text22       001B43
___lwdiv@counter                         cstackCOMMON 000076
___lwdiv@dividend                        cstackCOMMON 000072
___lwdiv@divisor                         cstackCOMMON 000070
___lwdiv@quotient                        cstackCOMMON 000074
___lwmod                                 text21       001B09
___lwmod@counter                         cstackCOMMON 000074
___lwmod@dividend                        cstackCOMMON 000072
___lwmod@divisor                         cstackCOMMON 000070
___sp                                    stack        000000
___stack_hi                              stack        000000
___stack_lo                              stack        000000
___stackhi                               (abs)        000000
___stacklo                               (abs)        000000
___wmul                                  text36       001ABD
___wmul@multiplicand                     cstackCOMMON 000072
___wmul@multiplier                       cstackCOMMON 000070
___wmul@product                          cstackCOMMON 000074
___xxtofl                                text30       001F48
___xxtofl@arg                            cstackCOMMON 00007A
___xxtofl@exp                            cstackCOMMON 000079
___xxtofl@sign                           cstackCOMMON 000078
___xxtofl@val                            cstackCOMMON 000070
__end_of_HX711_Read                      text11       001D56
__end_of_Lg1                             strings      001820
__end_of_Lg2                             strings      00181C
__end_of_Lg3                             strings      001818
__end_of_Lg4                             strings      001814
__end_of__Umul8_16                       text34       001B09
__end_of___aldiv                         text10       001DF3
__end_of___awdiv                         text24       001CEF
__end_of___awmod                         text23       001C88
__end_of___fladd                         text32       000CBB
__end_of___fldiv                         text35       001800
__end_of___flge                          text38       001E95
__end_of___flmul                         text33       001000
__end_of___flsub                         text31       001ABD
__end_of___fltol                         text37       000894
__end_of___lwdiv                         text22       001B87
__end_of___lwmod                         text21       001B43
__end_of___wmul                          text36       001AE2
__end_of___xxtofl                        text30       002000
__end_of__initialization                 cinit        0007FC
__end_of__stringtab                      strings      001810
__end_of_abs                             text20       00199F
__end_of_displayGasConcentration         text13       001BD9
__end_of_displayWeightOnLCD              text12       001038
__end_of_fputc                           text18       001C2F
__end_of_getPPMValue                     text28       000A63
__end_of_getWeightFromSensor             text9        001F48
__end_of_initADC                         text8        0019B1
__end_of_initPWM                         text7        00198E
__end_of_initUART                        text6        001969
__end_of_ivln10hi                        strings      001830
__end_of_ivln10lo                        strings      00182C
__end_of_lcd_command                     text27       0019D9
__end_of_lcd_data                        text26       0019EE
__end_of_lcd_initialise                  text5        001A1E
__end_of_lcd_string                      text25       001A78
__end_of_log10_2hi                       strings      001828
__end_of_log10_2lo                       strings      001824
__end_of_log10f                          text29_split_1 0007DD
__end_of_main                            maintext     001631
__end_of_putch                           text19       000806
__end_of_readGasSensorPot                text4        001A39
__end_of_sendSMS                         text2        001218
__end_of_sendUART                        text3        001975
__end_of_setServoAngle                   text1        001125
__end_of_sprintf                         text15       001A58
__end_of_strlen                          text14       001A05
__end_of_vfpfcnvrt                       text17       0014AD
__end_of_vfprintf                        text16       001A99
__initialization                         cinit        0007DD
__pbssBANK1                              bssBANK1     0000DF
__pbssBANK2                              bssBANK2     000110
__pcstackBANK0                           cstackBANK0  000020
__pcstackBANK1                           cstackBANK1  0000A0
__pcstackBANK3                           cstackBANK3  000190
__pcstackCOMMON                          cstackCOMMON 000070
__pdataBANK3                             dataBANK3    0001DE
__pidataBANK3                            idataBANK3   001975
__pmaintext                              maintext     0014AD
__pstrings                               strings      001800
__ptext1                                 text1        001038
__ptext10                                text10       001D56
__ptext11                                text11       001CEF
__ptext12                                text12       001001
__ptext13                                text13       001B87
__ptext14                                text14       0019EE
__ptext15                                text15       001A39
__ptext16                                text16       001A78
__ptext17                                text17       00133C
__ptext18                                text18       001BD9
__ptext19                                text19       000805
__ptext2                                 text2        001125
__ptext20                                text20       00198E
__ptext21                                text21       001B09
__ptext22                                text22       001B43
__ptext23                                text23       001C2F
__ptext24                                text24       001C88
__ptext25                                text25       001A58
__ptext26                                text26       0019D9
__ptext27                                text27       0019C4
__ptext28                                text28       000894
__ptext29                                text29       001218
__ptext3                                 text3        001969
__ptext30                                text30       001F48
__ptext31                                text31       001A99
__ptext32                                text32       000A63
__ptext33                                text33       000CBB
__ptext34                                text34       001AE2
__ptext35                                text35       001631
__ptext36                                text36       001ABD
__ptext37                                text37       000806
__ptext38                                text38       001DF3
__ptext4                                 text4        001A1E
__ptext5                                 text5        001A05
__ptext6                                 text6        00195D
__ptext7                                 text7        001981
__ptext8                                 text8        00199F
__ptext9                                 text9        001E95
__stringbase                             strings      00180F
__stringtab                              strings      001800
_abs                                     text20       00198E
_dbuf                                    bssBANK2     000110
_displayGasConcentration                 text13       001B87
_displayWeightOnLCD                      text12       001001
_errno                                   bssBANK1     0000E7
_flags                                   bssBANK1     0000E9
_fputc                                   text18       001BD9
_getPPMValue                             text28       000894
_getPPMValue$1245                        cstackBANK1  0000B8
_getPPMValue$1246                        cstackBANK1  0000BC
_getWeightFromSensor                     text9        001E95
_initADC                                 text8        00199F
_initPWM                                 text7        001981
_initUART                                text6        00195D
_lcd_command                             text27       0019C4
_lcd_data                                text26       0019D9
_lcd_initialise                          text5        001A05
_lcd_string                              text25       001A58
_log10f                                  text29       001218
_log10f$1247                             cstackBANK3  0001CE
_log10f$1248                             cstackBANK3  00019C
_log10f$1249                             cstackBANK3  0001BA
_log10f$1250                             cstackBANK3  0001A0
_log10f$1251                             cstackBANK3  0001A4
_log10f$1252                             cstackBANK3  0001A8
_log10f$1253                             cstackBANK3  0001AC
_main                                    maintext     0014AD
_prec                                    bssBANK1     0000E5
_putch                                   text19       000805
_readGasSensorPot                        text4        001A1E
_sendSMS                                 text2        001125
_sendUART                                text3        001969
_setServoAngle                           text1        001038
_sprintf                                 text15       001A39
_strlen                                  text14       0019EE
_vfpfcnvrt                               text17       00133C
_vfprintf                                text16       001A78
_width                                   bssBANK1     0000E3
abs@a                                    cstackCOMMON 000076
btemp                                    (abs)        00007E
clear_ram0                               clrtext      001955
displayGasConcentration@adcValue         cstackBANK1  0000C8
displayGasConcentration@concentrationStr cstackBANK1  0000CC
displayGasConcentration@ppm              cstackBANK1  0000D6
displayWeightOnLCD@weight                cstackBANK0  00003D
displayWeightOnLCD@weightStr             cstackBANK0  000041
end_of_initialization                    cinit        0007FC
fputc@c                                  cstackCOMMON 000070
fputc@fp                                 cstackCOMMON 000072
getPPMValue@curve                        cstackBANK1  0000AE
getPPMValue@i                            cstackBANK1  0000C0
getPPMValue@num                          cstackBANK1  0000C2
getPPMValue@ppm                          cstackBANK1  0000C6
getPPMValue@rs                           cstackBANK1  0000B0
getPPMValue@rs_r0_ratio                  cstackBANK1  0000B4
getPPMValue@sensorValue                  cstackBANK1  0000AC
getWeightFromSensor@loadCell1            cstackBANK0  000034
getWeightFromSensor@loadCell2            cstackBANK0  000038
getWeightFromSensor@loadCell3            cstackBANK0  00003C
getWeightFromSensor@loadCell4            cstackBANK0  000040
getWeightFromSensor@totalWeight          cstackBANK0  000044
getWeightFromSensor@weight               cstackBANK0  000048
init_fetch0                              inittext     0019B1
init_ram0                                inittext     0019B5
intlevel0                                functab      000000
intlevel1                                functab      000000
intlevel2                                functab      000000
intlevel3                                functab      000000
intlevel4                                functab      000000
intlevel5                                functab      000000
lcd_command@cmd                          cstackCOMMON 000072
lcd_data@data                            cstackCOMMON 000072
lcd_string@i                             cstackCOMMON 000077
lcd_string@num                           cstackCOMMON 000076
lcd_string@str                           cstackCOMMON 000074
log10f@F474                              bssBANK1     0000DF
log10f@R                                 cstackBANK3  000190
log10f@dk                                cstackBANK3  0001B2
log10f@f                                 cstackBANK3  0001D6
log10f@hfsq                              cstackBANK3  0001BE
log10f@hi                                cstackBANK3  0001D2
log10f@k                                 cstackBANK3  0001B0
log10f@lo                                cstackBANK3  0001B6
log10f@s                                 cstackBANK3  0001C2
log10f@t1                                cstackBANK3  000194
log10f@t2                                cstackBANK3  000198
log10f@ux                                cstackBANK3  0001DA
log10f@w                                 cstackBANK3  0001CA
log10f@x                                 cstackBANK1  0000A0
log10f@z                                 cstackBANK3  0001C6
main@sensorValue                         cstackBANK1  0000DD
main@weight                              cstackBANK1  0000DB
pnum$text29                              (abs)        00002B
pnum$text29_split_1                      (abs)        000036
psplit$0                                 (abs)        2B0036
readGasSensorPot@sensorValue             cstackCOMMON 000073
reset_vec                                reset_vec    000000
sendSMS@message                          cstackCOMMON 000071
sendSMS@phoneNumber                      cstackCOMMON 000075
sendUART@data                            cstackCOMMON 000070
setServoAngle@angle                      cstackBANK1  0000A2
setServoAngle@duty_cycle                 cstackBANK1  0000A6
setServoAngle@pwmValue                   cstackBANK1  0000AA
sprintf@ap                               cstackBANK0  000030
sprintf@f                                cstackBANK0  000032
sprintf@fmt                              cstackBANK0  00002C
sprintf@s                                cstackBANK0  000031
start                                    init         000000
start_initialization                     cinit        0007DD
strlen@a                                 cstackCOMMON 000072
strlen@s                                 cstackCOMMON 000073
vfpfcnvrt@ap                             cstackCOMMON 00007B
vfpfcnvrt@c                              cstackBANK0  000027
vfpfcnvrt@convarg                        cstackBANK0  000023
vfpfcnvrt@cp                             cstackBANK0  000022
vfpfcnvrt@done                           cstackBANK0  000020
vfpfcnvrt@fmt                            cstackCOMMON 00007A
vfpfcnvrt@fp                             cstackBANK0  000021
vfprintf@ap                              cstackBANK0  000029
vfprintf@cfmt                            cstackBANK0  00002B
vfprintf@fmt                             cstackBANK0  000028
vfprintf@fp                              cstackBANK0  00002A
wtemp0                                   (abs)        00007E


MODULE INFORMATION

Module		Function		Class		Link	Load	Size
C:\Program Files\Microchip\xc8\v2.46\pic\sources\c99\common\fltol.c
		___fltol       		CODE           	0806	0000	142

C:\Program Files\Microchip\xc8\v2.46\pic\sources\c99\common\fltol.c estimated size: 142

C:\Program Files\Microchip\xc8\v2.46\pic\sources\c99\common\Umul8_16.c
		__Umul8_16     		CODE           	1AE2	0000	39

C:\Program Files\Microchip\xc8\v2.46\pic\sources\c99\common\Umul8_16.c estimated size: 39

C:\Program Files\Microchip\xc8\v2.46\pic\sources\c99\common\nf_fputc.c
		_fputc         		CODE           	1BD9	0000	86

C:\Program Files\Microchip\xc8\v2.46\pic\sources\c99\common\nf_fputc.c estimated size: 86

C:\Program Files\Microchip\xc8\v2.46\pic\sources\c99\common\lwdiv.c
		___lwdiv       		CODE           	1B43	0000	68

C:\Program Files\Microchip\xc8\v2.46\pic\sources\c99\common\lwdiv.c estimated size: 68

C:\Program Files\Microchip\xc8\v2.46\pic\sources\c99\common\awdiv.c
		___awdiv       		CODE           	1C88	0000	103

C:\Program Files\Microchip\xc8\v2.46\pic\sources\c99\common\awdiv.c estimated size: 103

C:\Program Files\Microchip\xc8\v2.46\pic\sources\c99\common\xxtofl.c
		___xxtofl      		CODE           	1F48	0000	184

C:\Program Files\Microchip\xc8\v2.46\pic\sources\c99\common\xxtofl.c estimated size: 184

C:\Program Files\Microchip\xc8\v2.46\pic\sources\c99\common\aldiv.c
		___aldiv       		CODE           	1D56	0000	157

C:\Program Files\Microchip\xc8\v2.46\pic\sources\c99\common\aldiv.c estimated size: 157

C:\Program Files\Microchip\xc8\v2.46\pic\sources\c99\common\strlen.c
		_strlen        		CODE           	19EE	0000	23

C:\Program Files\Microchip\xc8\v2.46\pic\sources\c99\common\strlen.c estimated size: 23

C:\Program Files\Microchip\xc8\v2.46\pic\sources\c99\common\sprcmul.c
		___flmul       		CODE           	0CBB	0000	837

C:\Program Files\Microchip\xc8\v2.46\pic\sources\c99\common\sprcmul.c estimated size: 837

newmain.c
		_lcd_command   		CODE           	19C4	0000	21
		_displayGasConcentration		CODE           	1B87	0000	82
		_readGasSensorPot		CODE           	1A1E	0000	27
		_sendUART      		CODE           	1969	0000	12
		_lcd_data      		CODE           	19D9	0000	21
		_lcd_initialise		CODE           	1A05	0000	25
		_main          		CODE           	14AD	0000	388
		_displayWeightOnLCD		CODE           	1001	0000	55
		_initUART      		CODE           	195D	0000	12
		_setServoAngle 		CODE           	1038	0000	237
		_getPPMValue   		CODE           	0894	0000	463
		_sendSMS       		CODE           	1125	0000	243
		_initPWM       		CODE           	1981	0000	13
		_initADC       		CODE           	199F	0000	18
		_getWeightFromSensor		CODE           	1E95	0000	179
		_HX711_Read    		CODE           	1CEF	0000	103
		_lcd_string    		CODE           	1A58	0000	32

newmain.c estimated size: 1931

C:\Program Files\Microchip\xc8\v2.46\pic\sources\c99\common\sprcdiv.c
		___fldiv       		CODE           	1631	0000	463

C:\Program Files\Microchip\xc8\v2.46\pic\sources\c99\common\sprcdiv.c estimated size: 463

C:\Program Files\Microchip\xc8\v2.46\pic\sources\c99\common\doprnt.c
		_vfpfcnvrt     		CODE           	133C	0000	369
		_vfprintf      		CODE           	1A78	0000	33

C:\Program Files\Microchip\xc8\v2.46\pic\sources\c99\common\doprnt.c estimated size: 402

C:\Program Files\Microchip\xc8\v2.46\pic\sources\c99\common\nf_sprintf.c
		_sprintf       		CODE           	1A39	0000	31

C:\Program Files\Microchip\xc8\v2.46\pic\sources\c99\common\nf_sprintf.c estimated size: 31

shared
		_ivln10lo      		STRING         	0000	0000	0
		__stringtab    		STRING         	1800	0000	16
		_Lg1           		STRING         	0000	0000	0
		_Lg2           		STRING         	0000	0000	0
		_Lg3           		STRING         	0000	0000	0
		_ivln10hi      		STRING         	0000	0000	0
		_Lg4           		STRING         	0000	0000	0
		__initialization		CODE           	07DD	0000	31
		_log10_2hi     		STRING         	0000	0000	0
		_log10_2lo     		STRING         	0000	0000	0

shared estimated size: 47

C:\Program Files\Microchip\xc8\v2.46\pic\sources\c99\common\putch.c
		_putch         		CODE           	0805	0000	1

C:\Program Files\Microchip\xc8\v2.46\pic\sources\c99\common\putch.c estimated size: 1

C:\Program Files\Microchip\xc8\v2.46\pic\sources\c99\common\Umul16.c
		___wmul        		CODE           	1ABD	0000	37

C:\Program Files\Microchip\xc8\v2.46\pic\sources\c99\common\Umul16.c estimated size: 37

C:\Program Files\Microchip\xc8\v2.46\pic\sources\c99\common\sprcadd.c
		___flsub       		CODE           	1A99	0000	36
		___fladd       		CODE           	0A63	0000	600

C:\Program Files\Microchip\xc8\v2.46\pic\sources\c99\common\sprcadd.c estimated size: 636

C:\Program Files\Microchip\xc8\v2.46\pic\sources\c99\common\lwmod.c
		___lwmod       		CODE           	1B09	0000	58

C:\Program Files\Microchip\xc8\v2.46\pic\sources\c99\common\lwmod.c estimated size: 58

C:\Program Files\Microchip\xc8\v2.46\pic\sources\c99\common\abs.c
		_abs           		CODE           	198E	0000	17

C:\Program Files\Microchip\xc8\v2.46\pic\sources\c99\common\abs.c estimated size: 17

C:\Program Files\Microchip\xc8\v2.46\pic\sources\c99\common\awmod.c
		___awmod       		CODE           	1C2F	0000	89

C:\Program Files\Microchip\xc8\v2.46\pic\sources\c99\common\awmod.c estimated size: 89

C:\Program Files\Microchip\xc8\v2.46\pic\sources\c99\common\log10f.c
		_log10f        		CODE           	1218	0000	2302

C:\Program Files\Microchip\xc8\v2.46\pic\sources\c99\common\log10f.c estimated size: 2302

C:\Program Files\Microchip\xc8\v2.46\pic\sources\c99\common\flge.c
		___flge        		CODE           	1DF3	0000	162

C:\Program Files\Microchip\xc8\v2.46\pic\sources\c99\common\flge.c estimated size: 162

